The ``BaseGeometry`` module
============================

Using ``BaseGeometry``
---------------------

First import ``BaseGeometry`` from the ``7-base_geometry`` file:

    >>> BaseGeometry = __import__('7-base_geometry').BaseGeometry
    >>> bg = BaseGeometry()
>>> bg.area()
Traceback (most recent call last):
    ...
Exception: area() is not implemented

>>> bg.integer_validator("width", 0)
Traceback (most recent call last):
    ...
ValueError: width must be greater than 0

>>> bg.integer_validator("width", -2)
Traceback (most recent call last):
    ...
ValueError: width must be greater than 0

>>> bg.integer_validator()
Traceback (most recent call last):
    ...
TypeError: integer_validator() missing 2 required positional arguments: 'name' and 'value'

>>> bg.integer_validator("width")
Traceback (most recent call last):
    ...
TypeError: integer_validator() missing 1 required positional argument: 'value'

>>> bg.integer_validator("width", "a")
Traceback (most recent call last):
    ...
TypeError: width must be an integer